[thewebmax.org/travlla/index.html]
[thewebmax.org/travlla/images/favicon.ico]
[thewebmax.org/travlla/images/favicon.png]
[backblue.gif]
[fade.gif]
[index.html]
[thewebmax.org/travlla/css/bootstrap-select.min.css]
[thewebmax.org/travlla/css/bootstrap.min.css]
[thewebmax.org/travlla/css/feather.css]
[thewebmax.org/travlla/css/font-awesome.min.css]
[thewebmax.org/travlla/css/owl.carousel.min.css]
[thewebmax.org/travlla/css/magnific-popup.min.css]
[thewebmax.org/travlla/css/swiper-bundle.min.css]
[thewebmax.org/travlla/css/style.css]
[thewebmax.org/travlla/css/bootstrap-datetimepicker.css]
[thewebmax.org/travlla/css/bootstrap-icons.css]
[thewebmax.org/travlla/css/lc_lightbox.css]
[thewebmax.org/travlla/css/bootstrap-slider.min.css]
[thewebmax.org/travlla/index-2.html]
[thewebmax.org/travlla/images/logo-dark.png]
[thewebmax.org/travlla/index-3.html]
[thewebmax.org/travlla/index-4.html]
[thewebmax.org/travlla/index-5.html]
[thewebmax.org/travlla/about-1.html]
[thewebmax.org/travlla/services.html]
[thewebmax.org/travlla/service-detail.html]
[thewebmax.org/travlla/gallery.html]
[thewebmax.org/travlla/testimonial.html]
[thewebmax.org/travlla/testimonial-detail.html]
[thewebmax.org/travlla/our-team.html]
[thewebmax.org/travlla/our-team-detail.html]
[thewebmax.org/travlla/faq.html]
[thewebmax.org/travlla/pricing.html]
[thewebmax.org/travlla/error-404.html]
[thewebmax.org/travlla/compare.html]
[thewebmax.org/travlla/coming-soon.html]
[thewebmax.org/travlla/under-maintenance.html]
[thewebmax.org/travlla/destination-1-grid.html]
[thewebmax.org/travlla/destination-1-left.html]
[thewebmax.org/travlla/destination-2-grid.html]
[thewebmax.org/travlla/destination-2-left.html]
[thewebmax.org/travlla/destination-3-grid.html]
[thewebmax.org/travlla/destination-3-left.html]
[thewebmax.org/travlla/destination-detail.html]
[thewebmax.org/travlla/tour-package.html]
[thewebmax.org/travlla/tour-package-detail.html]
[thewebmax.org/travlla/tour-list-style.html]
[thewebmax.org/travlla/tour-1-grid.html]
[thewebmax.org/travlla/tour-1-grid-right.html]
[thewebmax.org/travlla/tour-2-grid.html]
[thewebmax.org/travlla/tour-2-grid-right.html]
[thewebmax.org/travlla/tour-3-grid.html]
[thewebmax.org/travlla/tour-3-grid-right.html]
[thewebmax.org/travlla/tour-detail.html]
[thewebmax.org/travlla/blog-grid.html]
[thewebmax.org/travlla/blog-grid-left.html]
[thewebmax.org/travlla/blog-list-left.html]
[thewebmax.org/travlla/blog-detail.html]
[thewebmax.org/travlla/contact.html]
[thewebmax.org/travlla/images/video-1.mp4]
[thewebmax.org/travlla/images/butterfly.gif]
[thewebmax.org/travlla/images/main-slider/slider1/Rock.png]
[thewebmax.org/travlla/images/lizard.png]
[thewebmax.org/travlla/images/li-eye.gif]
[thewebmax.org/travlla/images/cloud-1.png]
[thewebmax.org/travlla/images/cloud-2.png]
[thewebmax.org/travlla/images/search-icon/icon1.png]
[thewebmax.org/travlla/images/search-icon/icon2.png]
[thewebmax.org/travlla/images/search-icon/icon3.png]
[thewebmax.org/travlla/images/search-icon/icon4.png]
[thewebmax.org/travlla/images/background/Cloud-bg.png]
[thewebmax.org/travlla/images/background/Title-Separator.png]
[thewebmax.org/travlla/images/destinations/style1/pic1.jpg]
[thewebmax.org/travlla/images/destinations/hotballon-right.png]
[thewebmax.org/travlla/images/destinations/style1/pic2.jpg]
[thewebmax.org/travlla/images/destinations/style1/pic3.jpg]
[thewebmax.org/travlla/images/destinations/style1/pic4.jpg]
[thewebmax.org/travlla/images/destinations/style1/pic5.jpg]
[thewebmax.org/travlla/images/destinations/style1/pic6.jpg]
[thewebmax.org/travlla/images/destinations/style1/pic7.jpg]
[thewebmax.org/travlla/images/destinations/style1/pic8.jpg]
[thewebmax.org/travlla/images/hotballon-Left.png]
[thewebmax.org/travlla/images/hotballon-right.png]
[thewebmax.org/travlla/images/trv-icon/travel-guide.png]
[thewebmax.org/travlla/images/trv-icon/mission-icon.png]
[thewebmax.org/travlla/images/hpy-cus/pic1.jpg]
[thewebmax.org/travlla/images/hpy-cus/pic2.jpg]
[thewebmax.org/travlla/images/plane1.png]
[thewebmax.org/travlla/images/we-rec-pic.png]
[thewebmax.org/travlla/images/client-logo/dark/4.png]
[thewebmax.org/travlla/images/background/vid-bg2.jpg]
[thewebmax.org/travlla/index.html]
[thewebmax.org/travlla/css/bootstrap.min.css]
[thewebmax.org/travlla/css/bootstrap-select.min.css]
[thewebmax.org/travlla/css/font-awesome.min.css]
[thewebmax.org/travlla/css/feather.css]
[thewebmax.org/travlla/css/owl.video.play.png]
[thewebmax.org/travlla/css/owl.carousel.min.css]
[thewebmax.org/travlla/css/magnific-popup.min.css]
[thewebmax.org/travlla/css/swiper-bundle.min.css]
[thewebmax.org/travlla/css/style.css]
[thewebmax.org/travlla/images/clock-bg-sm.png]
[thewebmax.org/travlla/css/bootstrap-datetimepicker.css]
[thewebmax.org/travlla/css/bootstrap-icons.css]
[thewebmax.org/travlla/img/patterns/oblique_dots.png]
[thewebmax.org/travlla/img/patterns/pattern-1.png]
[thewebmax.org/travlla/img/patterns/pattern-dot-1.png]
[thewebmax.org/travlla/img/patterns/pattern-dot-2.png]
[thewebmax.org/travlla/img/patterns/pattern-dot-b1.png]
[thewebmax.org/travlla/img/patterns/pattern-dot-b2.png]
[thewebmax.org/travlla/img/patterns/pattern-dot-b3.png]
[thewebmax.org/travlla/img/patterns/pattern-dot-b4.png]
[thewebmax.org/travlla/img/patterns/pattern-triangle-05.png]
[thewebmax.org/travlla/img/patterns/pattern-triangle-10.png]
[thewebmax.org/travlla/img/patterns/pattern-triangle-20.png]
[thewebmax.org/travlla/img/patterns/pattern-triangle-30.png]
[thewebmax.org/travlla/img/patterns/pattern-triangle-40.png]
[thewebmax.org/travlla/img/patterns/pattern-ver-line-10.png]
[thewebmax.org/travlla/img/patterns/pattern-ver-line-20.png]
[thewebmax.org/travlla/img/patterns/pattern-ver-line-30.png]
[thewebmax.org/travlla/img/patterns/pattern-ver-line-40.png]
[thewebmax.org/travlla/img/patterns/pattern-ver-line-50.png]
[thewebmax.org/travlla/css/lc_lightbox.css]
[thewebmax.org/travlla/css/bootstrap-slider.min.css]
[thewebmax.org/travlla/index-2.html]
[thewebmax.org/travlla/index-3.html]
[thewebmax.org/travlla/images/trv-pricing/pic1.jpg]
[thewebmax.org/travlla/images/trv-pricing/pic2.jpg]
[thewebmax.org/travlla/images/trv-pricing/pic3.png]
[thewebmax.org/travlla/images/background/pricebg-shape.png]
[thewebmax.org/travlla/images/gallery/l-pic1.jpg]
[thewebmax.org/travlla/images/gallery/l-pic2.jpg]
[thewebmax.org/travlla/images/gallery/p-pic1.jpg]
[thewebmax.org/travlla/images/gallery/lady.png]
[thewebmax.org/travlla/images/gallery/l-pic3.jpg]
[thewebmax.org/travlla/images/gallery/p-pic2.jpg]
[thewebmax.org/travlla/images/gallery/p-pic3.jpg]
[thewebmax.org/travlla/images/tour/style2/pic1.jpg]
[thewebmax.org/travlla/images/tour/style2/pic2.jpg]
[thewebmax.org/travlla/images/tour/style2/pic3.jpg]
[thewebmax.org/travlla/images/tour/style2/pic4.jpg]
[thewebmax.org/travlla/images/tour/style2/pic5.jpg]
[thewebmax.org/travlla/images/background/frm-left.jpg]
[thewebmax.org/travlla/images/background/patern-2.png]
[thewebmax.org/travlla/images/trv-blog/blog-md/pic2.jpg]
[thewebmax.org/travlla/images/trv-blog/blog-md/pic3.jpg]
[thewebmax.org/travlla/images/trv-blog/blog-md/pic4.jpg]
[thewebmax.org/travlla/images/trv-blog/blog-md/pic5.jpg]
[thewebmax.org/travlla/images/trv-blog/blog-md/pic6.jpg]
[thewebmax.org/travlla/index-4.html]
[thewebmax.org/travlla/images/main-slider/slider4/pic1.jpg]
[thewebmax.org/travlla/images/main-slider/slider4/pic2.jpg]
[thewebmax.org/travlla/images/main-slider/slider4/pic3.jpg]
[thewebmax.org/travlla/images/trv-mostfav/pic8.jpg]
[thewebmax.org/travlla/images/ad-banner/1.jpg]
[thewebmax.org/travlla/images/ad-banner/2.jpg]
[thewebmax.org/travlla/images/ad-banner/3.jpg]
[thewebmax.org/travlla/images/trv-holi-theme/weekend.png]
[thewebmax.org/travlla/images/trv-holi-theme/Beach.png]
[thewebmax.org/travlla/images/trv-holi-theme/SafariTrails.png]
[thewebmax.org/travlla/images/trv-holi-theme/Luxury.png]
[thewebmax.org/travlla/images/trv-holi-theme/Honeymoon.png]
[thewebmax.org/travlla/images/trv-holi-theme/EasyBook.png]
[thewebmax.org/travlla/images/trv-holi-theme/Pilgrimage.png]
[thewebmax.org/travlla/images/background/holiday-bg.png]
[thewebmax.org/travlla/images/gallery-n1/p-pic4.jpg]
[thewebmax.org/travlla/images/gallery-n1/l-pic1.jpg]
[thewebmax.org/travlla/images/gallery-n1/l-pic2.jpg]
[thewebmax.org/travlla/images/gallery-n1/p-pic1.jpg]
[thewebmax.org/travlla/images/gallery-n1/l-pic3.jpg]
[thewebmax.org/travlla/images/gallery-n1/p-pic2.jpg]
[thewebmax.org/travlla/images/gallery-n1/p-pic3.jpg]
[thewebmax.org/travlla/images/tes-banner/1.jpg]
[thewebmax.org/travlla/images/gray-bird--tree-branch.png]
[thewebmax.org/travlla/images/trv-mostfav/pic9.jpg]
[thewebmax.org/travlla/images/trv-mostfav/pic10.jpg]
[thewebmax.org/travlla/images/trv-mostfav/pic11.jpg]
[thewebmax.org/travlla/images/trv-mostfav/pic12.jpg]
[thewebmax.org/travlla/images/trv-mostfav/pic13.jpg]
[thewebmax.org/travlla/images/trv-mostfav/pic14.jpg]
[thewebmax.org/travlla/images/trv-mostfav/pic15.jpg]
[thewebmax.org/travlla/images/trv-mostfav/pic16.jpg]
[thewebmax.org/travlla/images/trv-mostfav/pic17.jpg]
[thewebmax.org/travlla/images/quick-visa-bg.jpg]
[thewebmax.org/travlla/images/gallery-n2/p-pic2.jpg]
[thewebmax.org/travlla/images/gallery-n2/p-pic3.jpg]
[thewebmax.org/travlla/images/gallery-n2/l-pic3.jpg]
[thewebmax.org/travlla/index-5.html]
[thewebmax.org/travlla/about-1.html]
[thewebmax.org/travlla/services.html]
[thewebmax.org/travlla/service-detail.html]
[thewebmax.org/travlla/gallery.html]
[thewebmax.org/travlla/testimonial.html]
[thewebmax.org/travlla/testimonial-detail.html]
[thewebmax.org/travlla/our-team.html]
[thewebmax.org/travlla/our-team-detail.html]
[thewebmax.org/travlla/faq.html]
[thewebmax.org/travlla/pricing.html]
[thewebmax.org/travlla/error-404.html]
[thewebmax.org/travlla/compare.html]
[thewebmax.org/travlla/coming-soon.html]
[thewebmax.org/travlla/under-maintenance.html]
[thewebmax.org/travlla/destination-1-grid.html]
[thewebmax.org/travlla/destination-1-left.html]
[thewebmax.org/travlla/destination-2-grid.html]
[thewebmax.org/travlla/destination-2-left.html]
[thewebmax.org/travlla/destination-3-grid.html]
[thewebmax.org/travlla/destination-3-left.html]
[thewebmax.org/travlla/destination-detail.html]
[thewebmax.org/travlla/tour-package.html]
[thewebmax.org/travlla/tour-package-detail.html]
[thewebmax.org/travlla/tour-list-style.html]
[thewebmax.org/travlla/tour-1-grid.html]
[thewebmax.org/travlla/tour-1-grid-right.html]
[thewebmax.org/travlla/tour-2-grid.html]
[thewebmax.org/travlla/tour-2-grid-right.html]
[thewebmax.org/travlla/tour-3-grid.html]
[thewebmax.org/travlla/tour-3-grid-right.html]
[thewebmax.org/travlla/tour-detail.html]
[thewebmax.org/travlla/blog-grid.html]
[thewebmax.org/travlla/blog-grid-left.html]
[thewebmax.org/travlla/blog-list-left.html]
[thewebmax.org/travlla/blog-list.html]
[thewebmax.org/travlla/blog-detail.html]
[thewebmax.org/travlla/contact.html]
[thewebmax.org/travlla/images/hpy-cus/pic3.html]
[thewebmax.org/travlla/images/we-rec-pic2.html]
[thewebmax.org/travlla/images/client-logo/dark/1.html]
[thewebmax.org/travlla/images/client-logo/dark/2.html]
[thewebmax.org/travlla/images/client-logo/dark/3.html]
[thewebmax.org/travlla/images/client-logo/dark/5.html]
[thewebmax.org/travlla/images/trv-icon/count-icon1.html]
[thewebmax.org/travlla/images/trv-icon/count-icon2.html]
[thewebmax.org/travlla/images/trv-icon/count-icon3.html]
[thewebmax.org/travlla/images/trv-icon/count-icon4.html]
[thewebmax.org/travlla/images/Left-Man-Image.html]
[thewebmax.org/travlla/images/travel-sites.html]
[thewebmax.org/travlla/images/trv-icon/ship.html]
[thewebmax.org/travlla/images/trv-icon/plane-booking.html]
[thewebmax.org/travlla/images/trv-icon/guide-icon.html]
[thewebmax.org/travlla/images/landscape-pic.html]
[thewebmax.org/travlla/images/building-1.html]
[thewebmax.org/travlla/images/Right-top-plane.html]
[thewebmax.org/travlla/images/pop-search-left-pic.html]
[thewebmax.org/travlla/images/tour/style1/pic1.html]
[thewebmax.org/travlla/images/tour/style1/pic2.html]
[thewebmax.org/travlla/images/tour/style1/pic3.html]
[thewebmax.org/travlla/images/tour/style1/pic4.html]
[thewebmax.org/travlla/images/tour/style1/pic5.html]
[thewebmax.org/travlla/images/tour/style1/pic6.html]
[thewebmax.org/travlla/images/offer/pic1.html]
[thewebmax.org/travlla/images/trv-icon/destination.html]
[thewebmax.org/travlla/images/trv-icon/make-payment.html]
[thewebmax.org/travlla/images/trv-icon/travelling.html]
[thewebmax.org/travlla/images/Girl-Image.html]
[thewebmax.org/travlla/images/24-Image.html]
[thewebmax.org/travlla/images/airplane-takeoff1.html]
[thewebmax.org/travlla/images/trv-testimonial2/pic1.html]
[thewebmax.org/travlla/images/trv-icon/Quote.html]
[thewebmax.org/travlla/images/trv-testimonial2/pic2.html]
[thewebmax.org/travlla/images/trv-testimonial2/pic3.html]
[thewebmax.org/travlla/images/trv-testimonial2/pic4.html]
[thewebmax.org/travlla/images/background/adv-bg.html]
[thewebmax.org/travlla/images/advanture-st1.html]
[thewebmax.org/travlla/images/trv-blog/blog-sm/pic1.html]
[thewebmax.org/travlla/images/trv-blog/blog-sm/pic2.html]
[thewebmax.org/travlla/images/trv-blog/blog-sm/pic3.html]
[thewebmax.org/travlla/images/trv-blog/blog-sm/pic4.html]
[thewebmax.org/travlla/images/trv-blog/blog-md/pic1.html]
[thewebmax.org/travlla/images/trv-blog/blog-lg/pic1.html]
[thewebmax.org/travlla/images/insta-gallery/pic1.html]
[thewebmax.org/travlla/images/insta-gallery/pic2.html]
[thewebmax.org/travlla/images/insta-gallery/pic3.html]
[thewebmax.org/travlla/images/insta-gallery/pic4.html]
[thewebmax.org/travlla/images/insta-gallery/pic5.html]
[thewebmax.org/travlla/images/insta-gallery/pic6.html]
[thewebmax.org/travlla/images/insta-gallery/pic7.html]
[thewebmax.org/travlla/images/insta-gallery/pic8.html]
[thewebmax.org/travlla/images/insta-gallery/pic9.html]
[thewebmax.org/travlla/images/scroll-top.html]
[thewebmax.org/travlla/js/jquery-3.7.1.min.html]
[thewebmax.org/travlla/js/popper.min.html]
[thewebmax.org/travlla/js/bootstrap.min.html]
[thewebmax.org/travlla/js/bootstrap-select.min.html]
[thewebmax.org/travlla/js/magnific-popup.min.html]
[thewebmax.org/travlla/js/waypoints.min.html]
[thewebmax.org/travlla/js/counterup.min.html]
[thewebmax.org/travlla/js/isotope.pkgd.min.html]
[thewebmax.org/travlla/js/imagesloaded.pkgd.min.html]
[thewebmax.org/travlla/js/owl.carousel.min.html]
[thewebmax.org/travlla/js/theia-sticky-sidebar.html]
[thewebmax.org/travlla/js/jquery.bootstrap-touchspin.html]
[thewebmax.org/travlla/js/lc_lightbox.lite.html]
[thewebmax.org/travlla/js/bootstrap-slider.min.html]
[thewebmax.org/travlla/js/swiper-bundle.min.html]
[thewebmax.org/travlla/js/img-parallax.html]
[thewebmax.org/travlla/js/gsap.min.html]
[thewebmax.org/travlla/js/custom.html]
[thewebmax.org/travlla/js/moment.min.html]
[thewebmax.org/travlla/js/bootstrap-datetimepicker.min.html]
[thewebmax.org/travlla/fonts/fa-brands-400.html]
[thewebmax.org/travlla/fonts/fa-brands-401.html]
[thewebmax.org/travlla/fonts/fa-regular-400.html]
[thewebmax.org/travlla/fonts/fa-regular-401.html]
[thewebmax.org/travlla/fonts/fa-solid-900.html]
[thewebmax.org/travlla/fonts/fa-solid-901.html]
[thewebmax.org/travlla/fonts/fa-v4compatibility.html]
[thewebmax.org/travlla/fonts/fa-v4compatibility-2.html]
[thewebmax.org/travlla/fonts/Feather144f.html]
[thewebmax.org/travlla/fonts/Feather144f-2.html]
[thewebmax.org/travlla/fonts/Feather144f-3.html]
[thewebmax.org/travlla/css/owl.video.play.html]
[thewebmax.org/travlla/images/background/ftr-dark-bg.html]
[thewebmax.org/travlla/images/background/inr-banner.html]
[thewebmax.org/travlla/images/background/ftr-light-bg.html]
[thewebmax.org/travlla/images/add-hr-cloud.html]
[thewebmax.org/travlla/images/trv-icon/Icon-Bg.html]
[thewebmax.org/travlla/images/say-yes.html]
[thewebmax.org/travlla/images/w-cho-top.html]
[thewebmax.org/travlla/images/w-cho-btm.html]
[thewebmax.org/travlla/images/commingsoon-pic.html]
[thewebmax.org/travlla/images/leaf-bdr.html]
[thewebmax.org/travlla/images/main-slider/slider4/shade.html]
[thewebmax.org/travlla/images/clock-bg-sm.html]
[thewebmax.org/travlla/fonts/bootstrap-icons0107.html]
[thewebmax.org/travlla/fonts/bootstrap-icons0107-2.html]
[thewebmax.org/travlla/fonts/lc_lightbox.html]
[thewebmax.org/travlla/fonts/lc_lightbox-2.html]
[thewebmax.org/travlla/fonts/lc_lightbox-3.html]
[thewebmax.org/travlla/fonts/lc_lightbox-4.html]
[thewebmax.org/travlla/img/patterns/oblique_dots.html]
[thewebmax.org/travlla/img/patterns/pattern-1.html]
[thewebmax.org/travlla/img/patterns/pattern-dot-1.html]
[thewebmax.org/travlla/img/patterns/pattern-dot-2.html]
[thewebmax.org/travlla/img/patterns/pattern-dot-b1.html]
[thewebmax.org/travlla/img/patterns/pattern-dot-b2.html]
[thewebmax.org/travlla/img/patterns/pattern-dot-b3.html]
[thewebmax.org/travlla/img/patterns/pattern-dot-b4.html]
[thewebmax.org/travlla/img/patterns/pattern-triangle-05.html]
[thewebmax.org/travlla/img/patterns/pattern-triangle-10.html]
[thewebmax.org/travlla/img/patterns/pattern-triangle-20.html]
[thewebmax.org/travlla/img/patterns/pattern-triangle-30.html]
[thewebmax.org/travlla/img/patterns/pattern-triangle-40.html]
[thewebmax.org/travlla/img/patterns/pattern-ver-line-10.html]
[thewebmax.org/travlla/img/patterns/pattern-ver-line-20.html]
[thewebmax.org/travlla/img/patterns/pattern-ver-line-30.html]
[thewebmax.org/travlla/img/patterns/pattern-ver-line-40.html]
[thewebmax.org/travlla/img/patterns/pattern-ver-line-50.html]
[thewebmax.org/travlla/images/main-slider/slider2/slider-bg.html]
[thewebmax.org/travlla/images/main-slider/slider2/Plane-With-Line.html]
[thewebmax.org/travlla/images/main-slider/slider2/right-pic.html]
[thewebmax.org/travlla/images/main-slider/slider2/Cloud1.html]
[thewebmax.org/travlla/images/main-slider/slider2/Cloud2.html]
[thewebmax.org/travlla/images/trv-mostfav/pic1.html]
[thewebmax.org/travlla/images/trv-mostfav/pic2.html]
[thewebmax.org/travlla/images/trv-mostfav/pic3.html]
[thewebmax.org/travlla/images/trv-mostfav/pic4.html]
[thewebmax.org/travlla/images/trv-mostfav/pic5.html]
[thewebmax.org/travlla/images/trv-mostfav/pic6.html]
[thewebmax.org/travlla/images/trv-mostfav/pic7.html]
[thewebmax.org/travlla/images/man-rock.html]
[thewebmax.org/travlla/images/airplane.html]
[thewebmax.org/travlla/images/we-rec-pic5.html]
[thewebmax.org/travlla/images/we-rec-pic3.html]
[thewebmax.org/travlla/images/we-rec-pic4.html]
[thewebmax.org/travlla/images/background/tour-bg.html]
[thewebmax.org/travlla/images/tour-cat/style1/pic1.html]
[thewebmax.org/travlla/images/tour-cat/style1/pic2.html]
[thewebmax.org/travlla/images/tour-cat/style1/pic3.html]
[thewebmax.org/travlla/images/tour-cat/style1/pic4.html]
[thewebmax.org/travlla/images/tour-cat/style1/pic5.html]
[thewebmax.org/travlla/images/tour-cat/style1/pic6.html]
[thewebmax.org/travlla/images/CircleShape.html]
[thewebmax.org/travlla/images/team-l-pic.html]
[thewebmax.org/travlla/images/trv-guide/pic1.html]
[thewebmax.org/travlla/images/trv-guide/pic2.html]
[thewebmax.org/travlla/images/trv-guide/pic3.html]
[thewebmax.org/travlla/images/trv-guide/pic4.html]
[thewebmax.org/travlla/images/Map.html]
[thewebmax.org/travlla/images/trv-testimonial/pic1.html]
[thewebmax.org/travlla/images/trv-testimonial/pic2.html]
[thewebmax.org/travlla/images/trv-testimonial/pic3.html]
[thewebmax.org/travlla/images/trv-testimonial/pic4.html]
[thewebmax.org/travlla/images/trv-testimonial/pic5.html]
[thewebmax.org/travlla/images/trv-testimonial/pic6.html]
[thewebmax.org/travlla/images/video-2.html]
[thewebmax.org/travlla/images/background/patern.html]
[thewebmax.org/travlla/images/trv-blog/blog-lg/pic2.html]
[thewebmax.org/travlla/images/trv-blog/blog-lg/pic3.html]
[thewebmax.org/travlla/images/background/Left-Car.html]
[thewebmax.org/travlla/images/background/Left-Car-tyre.html]
[thewebmax.org/travlla/images/background/Righttreepic.html]
[thewebmax.org/travlla/images/logo-light.html]
[thewebmax.org/travlla/images/main-slider/slider3/slider-bg.html]
[thewebmax.org/travlla/images/main-slider/slider3/over-pic.html]
[thewebmax.org/travlla/images/choose-destination.html]
[thewebmax.org/travlla/images/make-payment.html]
[thewebmax.org/travlla/images/ready-for-travelling.html]
[thewebmax.org/travlla/images/bag.html]
[thewebmax.org/travlla/images/tent.html]
[thewebmax.org/travlla/images/trv-trend/shadow-top.html]
[thewebmax.org/travlla/images/trv-icon/01-safety.html]
[thewebmax.org/travlla/images/trv-icon/02-exclusive.html]
[thewebmax.org/travlla/images/trv-icon/03-guide.html]
[thewebmax.org/travlla/images/trv-icon/04-dining.html]
[thewebmax.org/travlla/images/mask-pic/Image.html]
[thewebmax.org/travlla/images/trv-destinations/pic1.html]
[thewebmax.org/travlla/images/trv-destinations/pic2.html]
[thewebmax.org/travlla/images/trv-destinations/pic3.html]
[thewebmax.org/travlla/images/trv-destinations/pic4.html]
[thewebmax.org/travlla/images/trv-destinations/pic5.html]
[thewebmax.org/travlla/images/trv-destinations/pic6.html]
[thewebmax.org/travlla/images/trv-destinations/pic7.html]
[thewebmax.org/travlla/images/trv-destinations/pic8.html]
[thewebmax.org/travlla/images/gallery-n2/p-pic4.html]
[thewebmax.org/travlla/images/gallery-n2/p-pic1.html]
[thewebmax.org/travlla/images/gallery-n2/l-pic1.html]
[thewebmax.org/travlla/images/gallery-n2/l-pic2.html]
[thewebmax.org/travlla/images/explore-tour/1.html]
[thewebmax.org/travlla/images/explore-tour/2.html]
[thewebmax.org/travlla/images/explore-tour/3.html]
[thewebmax.org/travlla/images/book-rating/001.html]
[thewebmax.org/travlla/images/book-rating/002.html]
[thewebmax.org/travlla/images/book-rating/003.html]
[thewebmax.org/travlla/images/book-rating/004.html]
[thewebmax.org/travlla/images/inr-banner-cloud.html]
[thewebmax.org/travlla/images/abt-pic1.html]
[thewebmax.org/travlla/images/we-rec3-pic.html]
[thewebmax.org/travlla/images/we-rec3-pic2.html]
[thewebmax.org/travlla/images/background/TitleSeparator2.html]
[thewebmax.org/travlla/images/trv-services/1.html]
[thewebmax.org/travlla/images/trv-services/2.html]
[thewebmax.org/travlla/images/trv-services/3.html]
[thewebmax.org/travlla/images/trv-services/4.html]
[thewebmax.org/travlla/images/trv-services/5.html]
[thewebmax.org/travlla/images/trv-services/6.html]
[thewebmax.org/travlla/images/trv-services/7.html]
[thewebmax.org/travlla/images/trv-services/8.html]
[thewebmax.org/travlla/images/detail-slider/slide2/pic1.html]
[thewebmax.org/travlla/images/detail-slider/slide2/pic2.html]
[thewebmax.org/travlla/images/detail-slider/slide2/pic3.html]
[thewebmax.org/travlla/images/detail-slider/slide2/pic4.html]
[thewebmax.org/travlla/images/detail-slider/slide2/pic5.html]
[thewebmax.org/travlla/images/detail-slider/slide2/pic6.html]
[thewebmax.org/travlla/images/trv-gallery/pic1.html]
[thewebmax.org/travlla/images/trv-gallery/pic2.html]
[thewebmax.org/travlla/images/trv-gallery/pic3.html]
[thewebmax.org/travlla/images/trv-gallery/pic4.html]
[thewebmax.org/travlla/images/trv-gallery/pic5.html]
[thewebmax.org/travlla/images/trv-gallery/pic6.html]
[thewebmax.org/travlla/images/gallery-2/pic1.html]
[thewebmax.org/travlla/images/gallery-2/pic2.html]
[thewebmax.org/travlla/images/gallery-2/pic3.html]
[thewebmax.org/travlla/images/gallery-2/pic4.html]
[thewebmax.org/travlla/images/gallery-2/pic5.html]
[thewebmax.org/travlla/images/gallery-2/pic6.html]
[thewebmax.org/travlla/images/gallery-2/pic7.html]
[thewebmax.org/travlla/images/gallery-2/pic8.html]
[thewebmax.org/travlla/images/gallery-2/pic9.html]
[thewebmax.org/travlla/images/gallery-2/pic10.html]
[thewebmax.org/travlla/images/testimonial-detail/images-1/pic1.html]
[thewebmax.org/travlla/images/testimonial-detail/images-1/pic2.html]
[thewebmax.org/travlla/images/testimonial-detail/images-1/pic4.html]
[thewebmax.org/travlla/images/testimonial-detail/images-1/pic5.html]
[thewebmax.org/travlla/images/testimonial-detail/images-1/pic6.html]
[thewebmax.org/travlla/images/testimonial-detail/images-1/youtube-pic1.html]
[thewebmax.org/travlla/images/testimonial-detail/images-2/pic1.html]
[thewebmax.org/travlla/images/testimonial-detail/images-2/pic2.html]
[thewebmax.org/travlla/images/testimonial-detail/images-2/pic3.html]
[thewebmax.org/travlla/images/testimonial-detail/images-2/pic4.html]
[thewebmax.org/travlla/images/testimonial-detail/images-2/pic5.html]
[thewebmax.org/travlla/images/testimonial-detail/images-2/pic6.html]
[thewebmax.org/travlla/images/testimonial-detail/images-1/pic3.html]
[thewebmax.org/travlla/images/trv-guide/pic5.html]
[thewebmax.org/travlla/images/trv-guide/pic6.html]
[thewebmax.org/travlla/images/trv-guide/pic7.html]
[thewebmax.org/travlla/images/trv-guide/pic8.html]
[thewebmax.org/travlla/images/faq-media.html]
[thewebmax.org/travlla/images/background/con-sec-bg.html]
[thewebmax.org/travlla/images/error-bg-cloud.html]
[thewebmax.org/travlla/images/hotballon-error.html]
[thewebmax.org/travlla/images/error-bg.html]
[thewebmax.org/travlla/images/tour-com-slider/pic1.html]
[thewebmax.org/travlla/images/tour-com-slider/pic2.html]
[thewebmax.org/travlla/images/tour-com-slider/pic3.html]
[thewebmax.org/travlla/images/tour-com-slider/pic4.html]
[thewebmax.org/travlla/images/tour-com-slider/pic5.html]
[thewebmax.org/travlla/images/tour-com-slider/pic6.html]
[thewebmax.org/travlla/images/trv-com-pic/pic1.html]
[thewebmax.org/travlla/images/trv-com-pic/pic2.html]
[thewebmax.org/travlla/images/trv-com-pic/pic3.html]
[thewebmax.org/travlla/images/trv-com-pic/pic4.html]
[thewebmax.org/travlla/images/trv-com-pic/pic5.html]
[thewebmax.org/travlla/images/under-main.html]
[thewebmax.org/travlla/images/trv-destinations/pic9.html]
[thewebmax.org/travlla/images/detail-slider/slide1/pic1.html]
[thewebmax.org/travlla/images/detail-slider/slide1/pic2.html]
[thewebmax.org/travlla/images/detail-slider/slide1/pic3.html]
[thewebmax.org/travlla/images/detail-slider/slide1/pic4.html]
[thewebmax.org/travlla/images/detail-slider/slide1/pic5.html]
[thewebmax.org/travlla/images/detail-slider/slide1/pic6.html]
[thewebmax.org/travlla/images/tour/style2/pic6.html]
[thewebmax.org/travlla/images/comment-author/pic1.html]
[thewebmax.org/travlla/images/comment-author/pic2.html]
[thewebmax.org/travlla/images/banner-tour-package.html]
[thewebmax.org/travlla/images/filter-icon/001-suitcase.html]
[thewebmax.org/travlla/images/filter-icon/002-badge.html]
[thewebmax.org/travlla/images/filter-icon/003-manager.html]
[thewebmax.org/travlla/images/filter-icon/004-tour-guide.html]
[thewebmax.org/travlla/images/filter-icon/006-business-trip.html]
[thewebmax.org/travlla/images/holi-icon/hotels.html]
[thewebmax.org/travlla/images/holi-icon/Sightseeing.html]
[thewebmax.org/travlla/images/holi-icon/car.html]
[thewebmax.org/travlla/images/holi-icon/meal.html]
[thewebmax.org/travlla/images/tour/style1/pic7.html]
[thewebmax.org/travlla/images/tour/style1/pic8.html]
[thewebmax.org/travlla/images/tour/style1/pic9.html]
[thewebmax.org/travlla/images/trv-blog/blog-detail/bx-pic1.html]
[thewebmax.org/travlla/images/trv-blog/blog-detail/bx-pic2.html]
[thewebmax.org/travlla/images/Advertisment.html]
[thewebmax.org/travlla/images/background/adv-bg-2.html]
[thewebmax.org/travlla/images/tour/style2/pic7.html]
[thewebmax.org/travlla/images/tour/style2/pic8.html]
[thewebmax.org/travlla/images/vid-full.html]
[thewebmax.org/travlla/images/inner-vid.html]
[thewebmax.org/travlla/images/trv-blog/blog-lg/pic4.html]
[thewebmax.org/travlla/images/trv-blog/blog-lg/pic5.html]
[thewebmax.org/travlla/images/trv-blog/blog-lg/pic6.html]
[thewebmax.org/travlla/images/trv-blog/blog-lg/pic7.html]
[thewebmax.org/travlla/images/trv-blog/blog-lg/pic8.html]
[thewebmax.org/travlla/images/trv-blog/blog-lg/pic9.html]
[thewebmax.org/travlla/images/trv-blog/blog-list/pic1.html]
[thewebmax.org/travlla/images/trv-blog/blog-list/pic2.html]
[thewebmax.org/travlla/images/trv-blog/blog-list/pic3.html]
[thewebmax.org/travlla/images/trv-blog/blog-list/pic4.html]
[thewebmax.org/travlla/images/trv-blog/blog-list/pic5.html]
[thewebmax.org/travlla/images/trv-blog/blog-list/pic6.html]
[thewebmax.org/travlla/images/trv-blog/blog-detail/pic-large.html]
[thewebmax.org/travlla/blog-list.html]
[thewebmax.org/travlla/images/Image-cont.html]
[thewebmax.org/travlla/images/trv-trend/shadow-bottom.png]
[thewebmax.org/travlla/images/background/pricebg-1.png]
